2024-02-27 21:20:30[DEBUG][4006 UNKNOWN 0][/home/fwl/program/fwl-master/fwl/fiber.cc 60]Fiber
2024-02-27 21:20:30[DEBUG][4006 UNKNOWN 1][/home/fwl/program/fwl-master/fwl/fiber.cc 74]Fiber(X,X,X),FiberId is 1
2024-02-27 21:20:30[INFO][4006 UNKNOWN 1][/home/fwl/program/fwl-master/fwl/scheduler.cc 69]scheduler start()
2024-02-27 21:20:30[INFO][4007 thread0 0][/home/fwl/program/fwl-master/fwl/scheduler.cc 158]Scheduler:run()
2024-02-27 21:20:30[DEBUG][4007 thread0 0][/home/fwl/program/fwl-master/fwl/fiber.cc 60]Fiber
2024-02-27 21:20:30[DEBUG][4007 thread0 2][/home/fwl/program/fwl-master/fwl/fiber.cc 74]Fiber(X,X,X),FiberId is 2
2024-02-27 21:20:30[INFO][4008 thread1 0][/home/fwl/program/fwl-master/fwl/scheduler.cc 158]Scheduler:run()
2024-02-27 21:20:30[DEBUG][4008 thread1 0][/home/fwl/program/fwl-master/fwl/fiber.cc 60]Fiber
2024-02-27 21:20:30[DEBUG][4008 thread1 3][/home/fwl/program/fwl-master/fwl/fiber.cc 74]Fiber(X,X,X),FiberId is 3
2024-02-27 21:20:30[DEBUG][4007 thread0 4][/home/fwl/program/fwl-master/fwl/fiber.cc 74]Fiber(X,X,X),FiberId is 4
2024-02-27 21:20:30[INFO][4006 UNKNOWN 1][/home/fwl/program/fwl-master/fwl/scheduler.cc 158]Scheduler:run()
2024-02-27 21:20:30[DEBUG][4006 UNKNOWN 5][/home/fwl/program/fwl-master/fwl/fiber.cc 74]Fiber(X,X,X),FiberId is 5
2024-02-27 21:20:30[INFO][4008 thread1 3][/home/fwl/program/fwl-master/fwl/iomanager.cc 350]idle..
2024-02-27 21:20:30[DEBUG][4008 thread1 3][/home/fwl/program/fwl-master/fwl/iomanager.cc 367]epoll_wait,ret = 1
2024-02-27 21:20:30[INFO][4006 UNKNOWN 5][/home/fwl/program/fwl-master/fwl/iomanager.cc 350]idle..
2024-02-27 21:20:30[INFO][4007 thread0 4][/home/fwl/program/fwl-master/fwl/network_server.cc 87][Socket sock=6 is_connected=0 family=2 type=1 protocol=0 local_address=127.0.0.1:8080]
2024-02-27 21:20:30[DEBUG][4006 UNKNOWN 5][/home/fwl/program/fwl-master/fwl/iomanager.cc 367]epoll_wait,ret = 1
2024-02-27 21:20:30[DEBUG][4006 UNKNOWN 6][/home/fwl/program/fwl-master/fwl/fiber.cc 74]Fiber(X,X,X),FiberId is 6
2024-02-27 21:20:32[INFO][4007 thread0 2][/home/fwl/program/fwl-master/fwl/iomanager.cc 350]idle..
2024-02-27 21:20:32[DEBUG][4008 thread1 3][/home/fwl/program/fwl-master/fwl/iomanager.cc 367]epoll_wait,ret = 1
2024-02-27 21:20:35[DEBUG][4006 UNKNOWN 6][/home/fwl/program/fwl-master/fwl/network_server.cc 98][Socket sock=7 is_connected=1 family=2 type=1 protocol=0 local_address=127.0.0.1:8080 remote_address=127.0.0.1:46614]
2024-02-27 21:20:35[DEBUG][4008 thread1 3][/home/fwl/program/fwl-master/fwl/iomanager.cc 367]epoll_wait,ret = 1
2024-02-27 21:20:35[DEBUG][4008 thread1 7][/home/fwl/program/fwl-master/fwl/fiber.cc 74]Fiber(X,X,X),FiberId is 7
2024-02-27 21:20:35[DEBUG][4007 thread0 2][/home/fwl/program/fwl-master/fwl/iomanager.cc 367]epoll_wait,ret = 0
2024-02-27 21:20:38[DEBUG][4008 thread1 3][/home/fwl/program/fwl-master/fwl/iomanager.cc 367]epoll_wait,ret = 0
2024-02-27 21:20:38[DEBUG][4007 thread0 2][/home/fwl/program/fwl-master/fwl/iomanager.cc 367]epoll_wait,ret = 0
2024-02-27 21:20:40[DEBUG][4006 UNKNOWN 6][/home/fwl/program/fwl-master/fwl/network_server.cc 98][Socket sock=8 is_connected=1 family=2 type=1 protocol=0 local_address=127.0.0.1:8080 remote_address=127.0.0.1:46624]
2024-02-27 21:20:40[DEBUG][4007 thread0 2][/home/fwl/program/fwl-master/fwl/iomanager.cc 367]epoll_wait,ret = 1
2024-02-27 21:20:40[ERROR][4007 thread0 4][/home/fwl/program/fwl-master/fwl/http/http_server.cc 17]Sock connect error,errno:11,strerror(errno):Resource temporarily unavailable
2024-02-27 21:20:40[DEBUG][4006 UNKNOWN 6][/home/fwl/program/fwl-master/fwl/network_server.cc 98][Socket sock=7 is_connected=1 family=2 type=1 protocol=0 local_address=127.0.0.1:8080 remote_address=127.0.0.1:46638]
2024-02-27 21:20:40[DEBUG][4007 thread0 2][/home/fwl/program/fwl-master/fwl/iomanager.cc 367]epoll_wait,ret = 1
2024-02-27 21:20:41[DEBUG][4008 thread1 3][/home/fwl/program/fwl-master/fwl/iomanager.cc 367]epoll_wait,ret = 0
